
> festhausgame@1.0.0 android
> expo run:android

env: load .env
env: export EXPO_PUBLIC_FIREBASE_API_KEY EXPO_PUBLIC_FIREBASE_AUTH_DOMAIN EXPO_PUBLIC_FIREBASE_PROJECT_ID EXPO_PUBLIC_FIREBASE_STORAGE_BUCKET EXPO_PUBLIC_FIREBASE_MESSAGING_SENDER_ID EXPO_PUBLIC_FIREBASE_APP_ID
ÔÇ║ Opening emulator Pixel_4_API_28
node.exe : Error: The emulator (Pixel_4_API_28) quit before it finished 
opening. You can try starting the emulator manually from the terminal with: 
C:\Users\tsije\AppData\Local\Android\Sdk/emulator/emulator @Pixel_4_API_28
No linha:1 caractere:1
+ & "C:\Program Files\nodejs/node.exe" "C:\Users\tsije\AppData\Roaming\ ...
+ ~~~~~~~~~~~~~~~~~~~~~~~~~~~~~~~~~~~~~~~~~~~~~~~~~~~~~~~~~~~~~~~~~~~~~
    + CategoryInfo          : NotSpecified: (Error: The emul...@Pixel_4_API_28 
   :String) [], RemoteException
    + FullyQualifiedErrorId : NativeCommandError
 
Error: The emulator (Pixel_4_API_28) quit before it finished opening. You can 
try starting the emulator manually from the terminal with: 
C:\Users\tsije\AppData\Local\Android\Sdk/emulator/emulator @Pixel_4_API_28
    at stopWaitingAndReject (C:\FestHausGame\node_modules\expo\node_modules\@ex
po\cli\src\start\platforms\android\emulator.ts:112:14)
    at ChildProcess.<anonymous> (C:\FestHausGame\node_modules\expo\node_modules
\@expo\cli\src\start\platforms\android\emulator.ts:125:7)
    at ChildProcess.emit (node:events:508:28)
    at Process.ChildProcess._handle.onexit (node:internal/child_process:294:12)
