app/screens/Game/index.tsx(35,5): error TS2322: Type 'GameManager | null' is not assignable to type 'GameManager'.
  Type 'null' is not assignable to type 'GameManager'.
app/screens/Game/index.tsx(83,15): error TS2345: Argument of type '{ roomId: string; roomType: any; maxPlayers: any; hostId: any; }' is not assignable to parameter of type 'RoomConfig'.
  Type '{ roomId: string; roomType: any; maxPlayers: any; hostId: any; }' is missing the following properties from type 'RoomConfig': currentPlayers, status, createdAt
app/screens/Game/index.tsx(123,62): error TS18046: 'error' is of type 'unknown'.
app/screens/Game/index.tsx(161,18): error TS2345: Argument of type 'GameState' is not assignable to parameter of type 'SetStateAction<null>'.
  Type 'GameState' provides no match for the signature '(prevState: null): null'.
app/screens/Game/index.tsx(165,19): error TS2345: Argument of type 'PlayerHand | undefined' is not assignable to parameter of type 'SetStateAction<null>'.
  Type 'undefined' is not assignable to type 'SetStateAction<null>'.
app/screens/Game/index.tsx(233,27): error TS18046: 'error' is of type 'unknown'.
app/screens/Game/index.tsx(248,27): error TS18046: 'error' is of type 'unknown'.
app/screens/Game/index.tsx(290,37): error TS2339: Property 'players' does not exist on type 'never'.
app/screens/Game/index.tsx(293,39): error TS2339: Property 'players' does not exist on type 'never'.
app/screens/Game/index.tsx(294,30): error TS18046: 'player' is of type 'unknown'.
app/screens/Game/index.tsx(295,54): error TS18046: 'player' is of type 'unknown'.
app/screens/Game/index.tsx(296,22): error TS18046: 'player' is of type 'unknown'.
app/screens/Game/index.tsx(296,36): error TS18047: 'gameManager' is possibly 'null'.
app/screens/Game/index.tsx(335,61): error TS2339: Property 'round' does not exist on type 'never'.
app/screens/Game/index.tsx(340,64): error TS2339: Property 'items' does not exist on type 'never'.
app/screens/Game/index.tsx(342,26): error TS2339: Property 'items' does not exist on type 'never'.
app/screens/Game/index.tsx(342,37): error TS7006: Parameter 'item' implicitly has an 'any' type.
app/screens/Game/index.tsx(347,33): error TS2339: Property 'id' does not exist on type 'never'.
app/screens/Game/index.tsx(363,58): error TS2339: Property 'id' does not exist on type 'never'.
app/screens/Game/index.tsx(379,23): error TS2339: Property 'currentTurn' does not exist on type 'never'.
app/screens/Game/index.tsx(381,33): error TS2339: Property 'players' does not exist on type 'never'.
app/screens/Game/index.tsx(381,55): error TS2339: Property 'currentTurn' does not exist on type 'never'.
app/screens/Home/index.tsx(27,9): error TS2322: Type 'true' is not assignable to type 'string | number | (string | number)[] | null | undefined'.
app/screens/Home/index.tsx(38,9): error TS2322: Type 'true' is not assignable to type 'string | number | (string | number)[] | null | undefined'.
app/screens/SignIn/index.tsx(58,15): error TS18046: 'error' is of type 'unknown'.
context/AuthUserProvider.tsx(116,16): error TS7006: Parameter 'err' implicitly has an 'any' type.
context/AuthUserProvider.tsx(143,33): error TS7006: Parameter 'userDocSnap' implicitly has an 'any' type.
context/AuthUserProvider.tsx(145,21): error TS7006: Parameter 'prevUser' implicitly has an 'any' type.
context/AuthUserProvider.tsx(150,18): error TS7006: Parameter 'err' implicitly has an 'any' type.
game/FirestoreManager.ts(7,5): error TS2305: Module '"firebase/firestore"' has no exported member 'collection'.
game/FirestoreManager.ts(10,5): error TS2724: '"firebase/firestore"' has no exported member named 'getDocs'. Did you mean 'getDoc'?
game/FirestoreManager.ts(12,5): error TS2305: Module '"firebase/firestore"' has no exported member 'onSnapshot'.
game/FirestoreManager.ts(14,5): error TS2305: Module '"firebase/firestore"' has no exported member 'Timestamp'.
game/FirestoreManager.ts(15,5): error TS2305: Module '"firebase/firestore"' has no exported member 'updateDoc'.
game/FirestoreManager.ts(16,5): error TS2305: Module '"firebase/firestore"' has no exported member 'writeBatch'.
game/FirestoreManager.ts(103,9): error TS2322: Type 'string | undefined' is not assignable to type 'string'.
  Type 'undefined' is not assignable to type 'string'.
game/FirestoreManager.ts(145,35): error TS2339: Property 'round' does not exist on type 'Turn'.
game/FirestoreManager.ts(150,21): error TS2339: Property 'round' does not exist on type 'Turn'.
game/FirestoreManager.ts(263,48): error TS7006: Parameter 'doc' implicitly has an 'any' type.
game/FirestoreManager.ts(268,11): error TS7006: Parameter 'error' implicitly has an 'any' type.
game/FirestoreManager.ts(293,48): error TS7006: Parameter 'doc' implicitly has an 'any' type.
game/FirestoreManager.ts(298,11): error TS7006: Parameter 'error' implicitly has an 'any' type.
game/FirestoreManager.ts(322,51): error TS7006: Parameter 'snapshot' implicitly has an 'any' type.
game/FirestoreManager.ts(324,27): error TS7006: Parameter 'doc' implicitly has an 'any' type.
game/FirestoreManager.ts(328,11): error TS7006: Parameter 'error' implicitly has an 'any' type.
game/FirestoreManager.ts(368,28): error TS7006: Parameter 'doc' implicitly has an 'any' type.
game/WhatsAppBridge.ts(143,12): error TS2322: Type '() => void' is not assignable to type 'void'.
hooks/useGoogleSignIn.ts(26,15): error TS2339: Property 'authentication' does not exist on type 'AuthSessionResult'.
services/firebase/config.ts(3,19): error TS2305: Module '"firebase/auth"' has no exported member 'getReactNativePersistence'.
services/firebase/config.ts(3,46): error TS2305: Module '"firebase/auth"' has no exported member 'initializeAuth'.
